// Jest Snapshot v1, https://goo.gl/fbAQLP

exports[`Prompt renders a default prompt 1`] = `
<div
  className="demo-only"
  style={
    Object {
      "height": "24rem",
    }
  }
>
  <section
    aria-describedby="prompt-message-wrapper"
    aria-labelledby="prompt-heading-id"
    aria-modal="true"
    className="slds-modal slds-fade-in-open slds-modal_prompt"
    role="alertdialog"
    tabIndex="0"
  >
    <div
      className="slds-modal__container"
    >
      <header
        className="slds-modal__header slds-theme_error slds-theme_alert-texture"
      >
        <button
          className="slds-button slds-button_icon slds-modal__close slds-button_icon-inverse"
          onClick={[Function]}
          title="Close"
        >
          <svg
            aria-hidden={true}
            className="slds-button__icon slds-button__icon_large"
          >
            <use
              xlinkHref="/assets/icons/utility-sprite/svg/symbols.svg#close"
            />
          </svg>
          <span
            className="slds-assistive-text"
          >
            Close
          </span>
        </button>
        <h2
          className="slds-text-heading_medium"
          id="prompt-heading-id"
        >
          Service unavailable
        </h2>
      </header>
      <div
        className="slds-modal__content slds-p-around_medium"
        id="prompt-message-wrapper"
      >
        <p>
          Sit nulla est ex deserunt exercitation anim occaecat. Nostrud ullamco deserunt aute id consequat veniam incididunt duis in sint irure nisi. Mollit officia cillum Lorem ullamco minim nostrud elit officia tempor esse quis. Cillum sunt ad dolore quis aute consequat ipsum magna exercitation reprehenderit magna. Tempor cupidatat consequat elit dolor adipisicing.
        </p>
      </div>
      <footer
        className="slds-modal__footer slds-theme_default"
      >
        <button
          className="slds-button slds-button_neutral"
        >
          Got It
        </button>
      </footer>
    </div>
  </section>
  <div
    className="slds-backdrop slds-backdrop_open"
  />
</div>
`;
